// Jest Snapshot v1, https://goo.gl/fbAQLP

exports[`should render CollectionsOverview component 1`] = `<styled.div />`;

exports[`should render CollectionsOverviewContainer component 1`] = `
<div
  className="sc-bqiQRQ dzsFsI"
/>
`;
